37 is prime: 1
39 is prime: 0
33 is prime: 0
smallest prime greater than 39: 41
smallest prime greater than 100: 101
