Day Mth NN NN:NN:NN NNNN HOSTNAME logtest[NNNNN]: (main) Error??? No-o-o-o... :-)
