i = 0
i = 1
i = 2
i = 3
i = 4
i = 5
i = 6
buf[-1] = 0
buf[0] = 0
buf[1] = 1
buf[2] = 2
buf[3] = 3
buf[4] = 4
buf[5] = 5
buf[6] = 6
