obj1=1
obj2=2
Statistics for object memory manager at 0xF00DBEAF
   2 objects allocated, of which 2 are in use
   0 objects have been reused
Statistics for object memory manager at 0xF00DBEAF
   2 objects allocated, of which 1 are in use
   0 objects have been reused
obj2_reused=22
Statistics for object memory manager at 0xF00DBEAF
   2 objects allocated, of which 2 are in use
   1 objects have been reused
obj2_zeroed=0
Statistics for object memory manager at 0xF00DBEAF
   2 objects allocated, of which 2 are in use
   2 objects have been reused
obj1=1
obj2=2
obj3=3
Statistics for object memory manager at 0xF00DBEAF
   3 objects allocated, of which 3 are in use
   2 objects have been reused
